C:\Users\ppatankar\Documents\Computer Science Inquiry Spring 2017\Python\Movement.py
C:\Users\ppatankar\Documents\Coputer Science Inquiry Spring 2018\Python\Einstein.py
C:\Users\ppatankar\Documents\Coputer Science Inquiry Spring 2018\Python\Binary.py
C:\Users\ppatankar\Documents\Coputer Science Inquiry Spring 2018\CSI-Dr.Patankar-Submit Quarter Project-84833\Jason_Quarter_Project\Jason_Quarter_project\html-launcher.py
C:\Users\ppatankar\Documents\Coputer Science Inquiry Spring 2018\CSI-Dr.Patankar-Submit Quarter Project-84833\Sarah Yow_85211_assignsubmission_file_\YowQuarter4Project\YowQuarter4Project\quarterprojectpart2.0.py
C:\Users\ppatankar\Documents\Coputer Science Inquiry Spring 2018\CSI-Dr.Patankar-Submit Quarter Project-84833\Rohan Upadhyay_85220_assignsubmission_file_\Rohan_Upadhyay_Python_Quarter_Project\Project\State_Data_Program.py
C:\Users\ppatankar\Documents\Coputer Science Inquiry Spring 2018\CSI-Dr.Patankar-Submit Quarter Project-84833\Vaishnavi Tetali_85227_assignsubmission_file_\Vaishnavi Tetali_Quarter Project\Quarter Project\GRAPHS.py
C:\Users\ppatankar\Documents\Coputer Science Inquiry Spring 2018\CSI-Dr.Patankar-Submit Quarter Project-84833\Ray Shang_85235_assignsubmission_file_\Shang_Ray_Quarter2\quarter2\quarter2project.py
C:\Users\ppatankar\Documents\Coputer Science Inquiry Spring 2018\CSI-Dr.Patankar-Submit Quarter Project-84833\Moksh Shah_85197_assignsubmission_file_\MokshShahcsi\stateAverageIncomeGraph.py
C:\Users\ppatankar\Documents\Coputer Science Inquiry Spring 2018\CSI-Dr.Patankar-Submit Quarter Project-84833\Moksh Shah_85197_assignsubmission_file_\MokshShahcsi\statePopulationTaxGraph.py
C:\Users\ppatankar\Documents\Coputer Science Inquiry Spring 2018\CSI-Dr.Patankar-Submit Quarter Project-84833\Moksh Shah_85197_assignsubmission_file_\MokshShahcsi\MokshShahQuarterProject.py
C:\Users\ppatankar\Documents\Coputer Science Inquiry Spring 2018\CSI-Dr.Patankar-Submit Quarter Project-84833\WonJun Park_85224_assignsubmission_file_\WonJun Park Quarter Project\Quarter Project\Graph_Values.py
C:\Users\ppatankar\Documents\Coputer Science Inquiry Spring 2018\CSI-Dr.Patankar-Submit Quarter Project-84833\Sidharth Panda_85214_assignsubmission_file_\sidPanda_QuarterProject\QuarterProject_sidPanda.py
C:\Users\ppatankar\Documents\Coputer Science Inquiry Spring 2018\CSI-Dr.Patankar-Submit Quarter Project-84833\Olivia Norris_85236_assignsubmission_file_\Olivia quater 4 project (2)\Olivia quater 4 project\Thisistheone.py
C:\Users\ppatankar\Documents\Coputer Science Inquiry Spring 2018\CSI-Dr.Patankar-Submit Quarter Project-84833\Lucas Milavec_85198_assignsubmission_file_\Luke MIlavec Q project\Luke MIlavec Q project\luke_milavec_qproject.py
C:\Users\ppatankar\Documents\Coputer Science Inquiry Spring 2018\CSI-Dr.Patankar-Submit Quarter Project-84833\Rachel Mason_85216_assignsubmission_file_\Rachel Mason Quarter Project\q2_project\State_Data_graph.py
C:\Users\ppatankar\Documents\Coputer Science Inquiry Spring 2018\CSI-Dr.Patankar-Submit Quarter Project-84833\Preet Kalaria_85232_assignsubmission_file_\PreetKalariaQP\Qaurter Project\Project.py
C:\Users\ppatankar\Documents\Coputer Science Inquiry Spring 2018\CSI-Dr.Patankar-Submit Quarter Project-84833\Christina Johnson_85199_assignsubmission_file_\christinajohnson.q2project\Picture Project\project q2.py
C:\Users\ppatankar\Documents\Coputer Science Inquiry Spring 2018\CSI-Dr.Patankar-Submit Quarter Project-84833\Christina Johnson_85199_assignsubmission_file_\christinajohnson.q2project\Picture Project\States.py
C:\Users\ppatankar\Documents\Coputer Science Inquiry Spring 2018\CSI-Dr.Patankar-Submit Quarter Project-84833\Matthew Halliman_85219_assignsubmission_file_\MatthewHalliman_QuaterProject\MatthewHalliman_QuarterProject\QuarterProject_MatthewHalliman.py
C:\Users\ppatankar\Documents\Coputer Science Inquiry Spring 2018\CSI-Dr.Patankar-Submit Quarter Project-84833\Matthew Halliman_85219_assignsubmission_file_\MatthewHalliman_QuaterProject\graphvalues.py
